Wog, Wog, Wog, Wog, Wog, Wog, Wog, Wog, Wog, Wog, Wog, Wog, Wog, Wog, Wog, Wog, Wog, Wog, Wog, Wog, Wog, Wog, Wog, Wog, Wog, Wog, Wog, Wog, Wog, Wog, Wog, Wo, Wog, Ww, Ww, Ww, Ww, Ww, Ww, Ww, Ww, Ww, Ww, Ww, Ww, Wo, Ai, Ai, Wog, Wog, Ai, Ai, Wog, Wog, Ai, Wog, Wog, Wo, Ai, Aa, Aa, Aa, Ha, Ha, Ha, Aa, Ms, Ms, Ms, Ms, Ms, Ms, Ms, Aa, Ms, Aa, Aa
Wog, Wog, Wog, Wog, Wog, Wog, Wog, Wog, Wog, Wog, Wog, Wog, Wog, Wog, Wog, Wog, Wog, Wog, Wog, Wog, Wog, Wog, Wog, Wog, Wog, Wog, Wog, Wog, Wog, Wog, Wog, Wog, Ww, Ww, Aa, Aa, Ww, Aa, Aa, Aa, Aa, Aa, Aa, Aa, Ww, Ai, Wog, Wog, Wog, Wog, Wog, Wog, Wog, Ai, Wog, Wog, Ww, Ai, Aa, Aa, Aa^Fma, Aa, Ha, Ha, Ha, Ha, Ms, Ms, Ms, Ms, Ms, Ms, Ms, Ms, Ms, Ms, Aa
Wog, Wog, Wog, Wog, Wog, Wog, Wog, Wog, Wog, Wog, Wog, Wog, Wog, Wog, Wog, Wog, Wog, Wog, Wog, Wog, Wog, Wog, Wog, Wog, Wog, Wog, Wog, Wog, Wog, Wog, Wog, Wog, Ww, Ww, Aa, Aa, Ww, Aa, Aa, Aa, Aa, Aa, Aa, Ww, Ai, Wog, Wog, Wog, Wog, Wog, Wog, Wog, Wog, Wog, Ww, Ww, Aa, Aa, Aa^Fma, Aa^Fma, Aa^Fma, Aa^Fma, Aa, Ha, Ha, Ha, Ha, Ms, Ms, Ms, Ha, Ms, Aa, Ms, Ms, Ms, Aa
Wog, Wog, Wog, Wog, Wog, Wog, Wog, Wog, Wog, Wog, Wog, Wog, Wog, Wog, Wog, Wog, Wog, Wog, Wog, Wog, Wog, Wog, Wog, Wog, Wog, Wog, Wog, Wog, Wog, Wog, Wog, Wog, Ww, Ww, Ww, Aa, Ww, Aa, Aa, Aa, Aa, Aa, Aa, Ww, Ai, Ai, Wog, Wog, Wog, Wog, Wog, Wog, Ww, Ww, Ww, Aa, Aa, Aa, Aa^Fma, Aa^Fma, Aa^Fma, Aa^Fma, Ha, Ha, Ha, Ha, Ha, Ms, Ms, Ha, Ha, Ha, Ms, Aa, Ha, Ha, Ha
Wog, Wog, Wog, Wog, Wog, Wog, Wog, Wog, Wog, Wog, Wog, Wog, Wog, Wog, Wog, Wog, Wog, Wog, Wog, Wog, Wog, Wog, Wog, Wog, Wog, Wog, Wog, Wog, Ww, Ww, Ww, Wo, Ww, Ww, Aa, Ww, Aa, Aa, Aa, Aa, Aa, Aa, Aa^Voa, Ww, Ww, Wog, Ww, Ww, Ww, Ww, Ww, Ww, Aa, Aa, Aa, Ww, Aa, Aa, Aa, Aa^Fma, Aa, Ha, Ha, Ha, Ha, Ha, Ha, Ms, Ha, Ha, Ha, Ha, Ms, Ms, Ha, Ha, Ha
Wog, Wog, Wog, Wog, Wog, Wog, Wog, Wog, Wog, Wog, Wog, Wog, Wog, Wog, Wog, Wog, Wog, Wog, Wog, Wog, Wog, Wog, Wog, Wog, Wog, Wog, Wog, Wog, Ww, Aa, Aa, Ww, Aa, Ww, Aa, Aa, Ha, Ha, Ha, Ha, Ha, Ww, Ha, Ai, Ww, Ww, Aa, Aa, Aa, Aa, Aa, Aa, Aa^Fma, Aa, Aa, Ww, Cha, Aa, Aa, Aa, Aa, Ha, Ha, Ha, Ha, Ha, Aa^Fma, Aa^Fma, Aa^Fma, Ha, Ha, Ha, Ms, Ms, Ms, Ha, Ms
Wog, Wog, Wog, Wog, Wog, Wog, Wog, Wog, Wog, Wog, Wog, Wog, Wog, Wog, Wog, Wog, Wog, Wog, Wog, Wog, Wog, Wog, Wog, Wog, Wog, Wog, Ww, Ww, Ww, Aa, Aa, Ai, Aa, Ai, Ha, Ha, Ms, Ha, Ms, Ms, Ms, Ha, Ms, Ha, Ha^Vhha, Aa, Ha, Aa, Aa, Aa, Aa^Fma, Aa^Fma, Aa^Fma, Aa^Fma, Aa, Cha, 8 Khr, Cha, Aa, Aa, Aa, Aa, Aa^Fma, Aa^Fma, Aa^Fma, Ha, Aa^Fma, Aa^Fma, Aa^Fma, Ha, Ha, Aa, Ms, Ms, Ms, Ms, Ms
Wog, Wog, Wog, Wog, Wog, Wog, Wog, Wog, Wog, Wog, Wog, Wog, Wog, Wog, Wog, Wog, Wog, Wog, Wog, Wog, Wog, Wog, Wog, Wog, Wog, Ww, Aa, Ww, Ai, Aa, Aa, Ai, Aa, Aa, Ha, Ms, Ha, Ha, Ms, Ha, Ms, Ms, Ha, Ha, Ha, Ha, Aa, Ha, Aa, Aa^Fma, Aa^Fma, Aa^Fma, Aa^Fma, Aa^Fma, Aa, Cha, Cha, Cha, Aa, Aa, Aa, Aa, Aa^Fma, Aa^Fma, Aa^Fma, Aa^Fma, Aa^Fma, Aa^Fma, Aa^Fma, Ha, Ms, Aa, Ms, Ms, Ms, Ms, Ms
Wog, Wog, Wog, Wog, Wog, Wog, Wog, Wog, Wog, Wog, Wog, Wog, Wog, Wog, Wog, Wog, Wog, Wog, Wog, Wog, Wog, Wog, Wog, Wog, Ww, Ww, Ww, Ai, Ai, Aa, Aa, Ai, Ha, Ha, Ms, Ms, Ms, Ms, Ms, Ha, Ha, Ha, Ms, Ms, Ha, Ha, Aa, Aa, Aa, Aa^Fma, Aa^Fma, Aa^Fma, Aa^Fma, Aa, Aa, Gg, Rrc, Aa, Aa, Ha, Aa, Aa, Aa^Fma, Aa^Fma, Aa^Fma, Aa^Fma, Aa^Fma, Aa^Fma, Aa^Fma, Ms, Ms, Ms, Ms, Ms, Ha, Ms, Ms
Wog, Wog, Wog, Wog, Wog, Wog, Wog, Wog, Wog, Wog, Wog, Wog, Wog, Wog, Wog, Wog, Wog, Wog, Wog, Wog, Wog, Wog, Ww, Ww, Ww, Ww, Ww, Ai, Aa, Aa, Ha, Ai, Ms, Ha, Ha, Ha, Ms, Ms, Ha, Ms, Ha, Ha, Ms, Ms, Ha, Ha, Aa, Aa^Fma, Aa, Aa, Aa^Fma, Aa^Fma, Aa, Aa, Gg, Gg, Rrc, Aa, Ha, Ha, Aa^Fma, Aa^Fma, Aa^Fma, Aa^Fma, Aa, Aa, Aa, Aa^Fma, Ha, Ha, Ms, Ms, Ha, Ha, Ha, Ha, Aa
Wog, Wog, Wog, Wog, Wog, Wog, Wog, Wog, Wog, Wog, Wog, Wog, Wog, Wog, Wog, Wog, Wog, Wog, Wog, Wog, Wo, Ww, Ww, Ww, Aa, Aa, Ai, Aa^Voa, Aa, Aa, Aa, Ha, Ms, Ha, Ms, Ms, Ha, Ha, Ms, Ha, Ms, Ms, Ha, Ha, Aa, Aa, Aa, Gg, Gg, Aa, Aa, Aa^Fma, Aa, Aa^Fma, Gg^Dr, Gg, Rrc, Aa, Ha, Ha, Aa^Fma, Aa^Fma, Aa^Fma, Aa^Fma, Aa, Aa, Aa, Ha, Ha, Ha, Aa, Ha, Ha, Ha, Ha, Ha, Aa
Wog, Wog, Wog, Wog, Wog, Wog, Wog, Wog, Wog, Wog, Wog, Wog, Wog, Wog, Wog, Wog, Wog, Wog, Wog, Wog, Wog, Ww, Ww, Aa, Aa, Aa, Ai, Aa, Aa, Aa, Ha, Ha, Ms, Ha, Ms, Ha, Ha, Ms, Ha^Fma, Ms, Ms, Ha, Aa^Fma, Ai, Aa, Gll^Fmw, Gg, Gg, Aa, Gll^Fmw, Gg, Aa, Ha, Aa, Aa, Rrc, Gg^Dr, Aa, Aa, Aa, Aa^Fma, Aa^Fma, Aa^Fma, Aa^Fma, Ha, Ha, Aa, Ms, Ms, Aa, Aa, Ha, Ha, Ha, Ha, Ha, Aa
Wog, Wog, Wog, Wog, Wog, Wog, Wog, Wog, Wog, Wog, Wog, Wog, Wog, Wog, Wog, Wog, Wog, Wog, Wog, Wog, Wog, Wog, Ww, Ww, Ww, Ww, Ww, Aa, Aa, Aa, Ha, Ha, Ms, Ms, Ms^Fma, Ha^Fma, Ms, Ms, Aa^Fma, Ha, Ha, Ha, Aa^Fma, Ai, Aa^Fma, Gll^Fmw, Gg, Aa, Gg, Aa, Gg, Aa, Aa, Ha, Ha, Rrc, Aa, Aa, Gg, Aa, Ha, Aa^Fma, Aa^Fma, Aa^Fma, Aa, Ms, Aa^Fma, Aa^Fma, Aa^Fma, Aa, Aa, Ha, Ha, Ha, Aa, Aa, Aa
Wog, Wog, Wog, Wog, Wog, Wog, Wog, Wog, Wog, Wog, Wog, Wog, Wog, Wog, Wog, Wog, Wog, Wog, Wog, Wog, Wog, Wog, Ww, Ww, Ww, Ww, Ww, Ww, Ai, Ha, Ha, Ms, Ms, Ha^Fma, Ha^Fma, Ms, Ms, Aa, Ha, Ha^Fma, Aa, Aa, Ai, Ai, Ai, Aa, Gg, Aa^Fma, Gg, Gg, Aa, Aa^Fma, Gg, Aa, Aa, Rrc, Gll^Fmw, Aa, Aa, Ha, Aa, Aa, Ms, Aa^Fma, Ms, Ms, Aa^Fma, Aa^Fma, Aa^Fma, Aa, Aa, Aa, Ww, Aa, Ai, Ai, Ai
Wog, Wog, Wog, Wog, Wog, Wog, Wog, Wog, Wog, Wog, Wog, Wog, Wog, Wog, Wog, Wog, Wog, Wog, Ww, Wog, Wog, Ww, Ww, Ww, Aa, Aa, Ai, Aa, Ha, Aa^Vha, Ms, Ms, Ha, Ha^Fma, Ha, Ms, Aa, Ha, Aa, Aa^Fma, Aa, Aa, Ai, Ai, Ai, Aa, Gll^Fmw, Gll^Fmw, Gll^Fmw, Gg, Gg, Aa, Aa^Dr, Aa^Fma, Rrc, Rrc, Gg, Gg, Aa, Ha, Ha, Ms, Ms, Aa, Ms, Ha, Aa, Aa^Fma, Ww, Aa, Ai, Ww, Wo, Ww, Wo, Wo, Wo
Wog, Wog, Wog, Wog, Wog, Wog, Wog, Wog, Wog, Wog, Wog, Wog, Wog, Wog, Wog, Wog, Wog, Wog, Ww, Ww, Ww, Ww, Ww, Ww, Ai, Aa, Aa, Ha, Ha, Ha, Ha, Aa, Ms, Ms, Aa, Ha, Ha^Fma, Aa, Gg, Aa, Gll^Fmw, Aa, Aa^Fma, Ai, Aa, Aa, Gll^Fmw, Aa^Fma, Gll^Fmw, Gll^Fmw, Gg, Aa^Fma, Rrc, Rrc, Gg, Gg, Gg, Hh, Gg, Ha, Ha, Ms, Ha, Ms, Ha, Ha, Ww, Ai, Wo, Ai, Ai, Wo, Wo, Wo, Wo, Wo, Wo
Wo, Wo, Wo, Wog, Wog, Wog, Wog, Wog, Wog, Wog, Wog, Wog, Wog, Wog, Wog, Wog, Ww, Ww, Ww, Ww, Aa, Ww, Ai, Aa, Aa, Aa, Mm, Mm, Mm, Ha, Mm, Ms, Ms, Aa, Ha, Aa, Ha^Fma, Ha, Aa, Aa, Aa, Gs^Vh, Gg, Aa, Gg, Gg, Aa^Fma, Aa^Fma, Gg, Hh, Hh, Rrc, Gll^Fmw, Gll^Fmw, Hh, Gg, Gll^Fmw, Gg, Hh, Aa, Aa, Ww, Ai, Ai, Ai, Ww, Ww, Ai, Ai, Ai, Aa, Ww, Ww, Ai, Ai, Ai, Ai
Wog, Wog, Wog, Wog, Wog, Wog, Wog, Wog, Wog, Wog, Wog, Wog, Wog, Wog, Wog, Wog, Wog, Ww, Ww, Aa, Aa, Ai, Aa, Ai, Aa, Aa, Ms, Ms, Mm, Ha, Mm, Mm, Ha, Ha, Aa, Ha, Ha, Aa, Aa, Gg, Gg, Aa, Gg, Aa, Gg, Ss, Ss, Aa^Fma, Gg, Gg, Aa, Rrc, Hh, Hh, Hh, Gll^Fmw, Gg, Hh, Hh, Ha, Ha, Aa^Fma, Aa, Ai, Aa, Aa, Aa^Fpa, Aa, Aa^Fpa, Aa, Aa, Aa, Aa, Aa, Ms, Ms, Aa
Wog, Wog, Wog, Wog, Wog, Wog, Wog, Wog, Wog, Wog, Wog, Wog, Wog, Wog, Wog, Wog, Ww, Ww, Ww, Aa, Aa, Ai, Aa, Ai, Ai, Mm, Ha, Ms, Ha, Mm, Mm, Mm, Mm, Ha, Aa, Aa, Ha, Ha, Aa, Gg, Gg, Aa, Gg, Gg, Gll^Fmw, Ss, Hh, Gg, Aa, Aa, Aa, Rrc, Gll^Fmw, Gll^Fmw, Hh, Gll^Fmw, Aa^Fma, Gll^Fmw, Ha, Ha, Gg, Aa, Aa^Fma, Aa, Aa^Fpa, Aa^Fpa, Aa, Aa^Fpa, Aa^Fpa, Aa^Fpa, Aa^Fpa, Aa, Aa^Fpa, Aa, Aa^Fpa, Aa^Fpa, Aa
Wog, Wog, Wog, Wog, Wog, Wog, Wog, Wog, Wog, Wog, Wog, Wog, Wog, Wog, Wog, Wog, Ww, Ww, Ww, Ww, Ww, Ai, Aa, Aa, Ai, Aa, Aa, Ha, Ha, Mm, Aa, Mm, Aa, Ha, Mm, Mm, Mm, Aa, Ha, Ha, Gll^Fmw, Gg, Ha, Gll^Fmw, Gll^Fmw, Gg, Ai, Hh, Aa, Ss, Aa, Rrc, Gg, Gg, Gg, Gg, Gg, Aa^Fma, Gg, Aa, Aa, Aa, Aa, Aa, Aa^Fpa, Aa, Aa^Fpa, Aa, Ms, Aa^Fpa, Aa^Fpa, Aa, Aa^Fpa, Aa^Fpa, Ms, Ms, Ms
Wog, Wog, Wog, Wog, Wog, Wog, Wog, Wog, Wog, Wog, Wog, Wog, Wog, Wog, Wog, Wog, Ww, Ww, Ds, Ds, Ai, Aa, Aa, Aa, Mm, Mm, Aa, Aa, Aa, Aa, Aa, Mm, Aa^Vha, Aa, Mm, Mm, Aa, Ha, Ms, Ms, Gll^Fmw, Gll^Fmw, Gg, Aa, Aa, Gll^Fmw, Aa, Aa^Vaa, Ha, Ha, Aa, Rrc, Aa, Ss, Gg, Gll^Fmw, Gg, Gg, Ha, Gg, Aa, Ss, Aa, Gg, Gll^Fdw, Aa, Aa, Aa, Ms, Aa^Fpa, Aa^Fpa, Ms, Aa^Fpa, Ms, Aa^Fpa, Ms, Aa
Wog, Wog, Wog, Wog, Wog, Wog, Wog, Wog, Wog, Wog, Wog, Wog, Wog, Wog, Wog, Wog, Ww, Ww, Ds, Aa^Vha, Ai, Aa, Ha, Mm, Ms, Ha, Ha, Aa, Mm, Ms, Ms, Mm, Mm, Ha, Ms, Ha, Ha, Ha, Ha, Ha, Gg, Gll^Fmw, Gll^Fmw, Aa, Gg, Aa, Hh, Aa, Ha, Ha, Gg, Rrc, Gg, Gg, Gg, Gg, Gll^Fmw, Aa, Gll^Fmw, Aa, Gll^Fdw, Gll^Fdw, Aa, Gll^Fdw, Gll^Fdw, Aa, Aa, Ms, Aa^Fpa, Aa^Fpa, Aa^Fpa, Aa^Fpa, Aa^Fpa, Ms, Aa, Aa, Aa
Wog, Wog, Wog, Wog, Wog, Wog, Wog, Wog, Wog, Wog, Wog, Wog, Wog, Wog, Wog, Ww, Ww, Ww, Ww, Ai, Aa, Aa, Ha, Ms, Ms, Ms, Ha, Aa, Gll^Fp, Mm, Aa, Mm, Mm, Ms, Ha, Ha, Ha, Mm, Mm, Mm, Gg, Gg, Gll^Fmw, Gll^Fmw, Gll^Fmw, Hh, Gg, Aa, Ss, Gg, Gg, Rrc, Gg, Gll^Fmw, Gll^Fmw, Gll^Fmw, Aa, Gll^Fmw, Gll^Fdw, Ha, Gll^Fdw, Gll^Fdw, Gg, Gll^Fdw, Gll^Fdw, Aa, Aa, Ms, Aa, Aa^Fpa, Aa^Fpa, Aa^Fpa, Aa^Fpa, Aa^Fpa, Aa^Fpa, Aa^Fpa, Aa^Fpa
Wog, Wog, Wog, Wog, Wog, Wog, Wog, Wog, Wog, Wog, Wog, Wog, Wog, Ww, Ww, Ww, Ww, Aa, Ww, Ai, Aa, Ha, Ha, Ha, Ha, Ha, Aa, Aa, Gll^Fp, Gll^Fp, Aa, Ha, Ms, Ms, Ms, Mm, Mm, Mm, Ms, Ha, Mm, Gg, Gg, Gg, Gg, Hh, Gg, Gg, Gg, Gg, Gg, Rrc, Rrc, Gg, Gg, Gg, Aa, Aa, Aa, Gll^Fdw, Gg, Gg, Gg, Aa, Aa, Gll^Fdw, Aa, Aa, Ms, Aa^Fpa, Aa, Aa^Fpa, Aa, Aa^Fpa, Aa^Fpa, Aa^Fpa, Aa
Wog, Wog, Wog, Wog, Wog, Wog, Wog, Wog, Wog, Wog, Wog, Wog, Ww, Ww, Ww, Ww, Ai, Aa, Aa, Ai, Mm, Ms, Ms, Ha, Ha, Aa, Aa, Aa, Aa, Mm, Ms, Mm, Mm, Mm, Ww, Mm, Ha, Ms, Ms, Ms, Mm, Gg, Gg, Aa, Aa, Gg, Aa^Fda, Aa^Fda, Gg, Gg, Hh, Hh, Gg, Rrc, Gs^Fms, Aa, Aa^Fda, Ss, Ss, Aa, Aa, Aa, Gll^Fdw, Gll^Fdw, Gll^Fdw, Aa, Aa, Aa, Ms, Aa, Aa, Aa, Aa, Aa, Aa^Fpa, Aa^Fpa, Aa
Wog, Wog, Wog, Wog, Wog, Wog, Wog, Wog, Wog, Wog, Wog, Wog, Ww, Ww, Ww, Ai, Ai, Aa, Ww, Ai, Aa, Ha, Ha, Ms, Ha, Aa, Gg, Gg, Gg^Fp, Aa, Ms, Ms, Mm, Aa, Ai, Mm, Mm, Mm, Ms, Ms, Mm, Mm, Gg, Gg, Aa, Gg, Gg, Gg, Aa, Aa, Hh, Hh, Ss, Rrc, Gg, Aa^Fda, Aa^Fda, Aa, Gg, Aa, Aa, Gll^Fdw, Aa, Gll^Fdw, Aa, Gs^Fds, Aa, Ms, Aa, Gll^Fdw, Aa, Aa, Aa, Aa^Fp, Aa^Fpa, Aa^Fpa, Aa^Fpa
Wog, Wog, Wog, Wog, Wog, Wog, Wog, Wog, Wog, Wog, Wog, Ww, Ww, Ww, Ai, Aa, Ww, Ai, Ai, Gg, Gg, Aa, Mm, Mm, Aa, Aa, Mm, Mm^Fp, Gg^Fp, Mm, Aa, Aa, Aa, Aa, Aa, Ai, Ai, Ha, Ha, Ha, Aa, Mm, Mm, Gg, Gg, Aa, Gll^Fdf, Gll^Fdf, Aa^Fda, Gg, Hh, Ss, Ss^Vhs, Rrc, Gg, Gs^Fms, Aa^Fda, Aa, Aa, Gg, Gg, Gll^Fdw, Aa, Gll^Fdw, Aa, Ha, Ai, Ha, Aa, Gll^Fdw, Aa, Ss, Gll^Fp, Gll^Fp, Gll^Fp, Aa^Fpa, Aa^Fpa
Wog, Wog, Wog, Wog, Wog, Wog, Wog, Wog, Wog, Wog, Wog, Ww, Ww, Ww, Ai, Aa, Ai, Ai, Ai, Gg, Gg, Mm, Gg, Aa, Hh, Hh, Hh, Mm, Mm, Gg, Gg^Fp, Aa, Ha, Ha, Ms, Ha, Ha, Ai, Ww, Ww, Ww, Mm, Md, Gg, Md, Aa^Fda, Gll^Fdf, Gll^Fdf, Aa^Fda, Aa, Gg, Gg, Gll^Fdf, Rrc, Gll^Fdf, Gs^Fms, Gg, Gs^Fms, Gg, Gg, Gg^Ve, Gs^Fds, Gg, Aa, Aa, Ha, Ha, Ai, Ai, Aa, Gll^Fmw, Ss, Gll^Fp, Gll^Fp, Gll^Fp, Gll^Fp, Gll^Fp
Wo, Wog, Wog, Wog, Wog, Wog, Wog, Wog, Wog, Wog, Wo, Ww, Ww, Ww, Aa, Aa, Ww, Ai, Ai, Mm, Mm, Mm, Mm, Hh, Hh^Fp, Hh^Fp, Mm, Hh, Mm, Mm, Aa, Gg, Ms, Ms, Ha, Mm, Ms, Ms, Gg, Mm, Ww, Md, Aa, Gg, Aa, Aa, Gg, Gll^Fdf, Gll^Fp, Gg, Aa, Aa, Aa, Rrc, Ss, Gll^Fdf, Gg, Gll^Fdw, Gll^Fdw, Gg, Gg, Gs^Fds, Gs^Fds, Gs^Fds, Gs^Fds, Aa, Aa, Ai, Aa^Fmw, Aa^Fmw, Aa, Gll^Fmw, Ss, Ss, Gll^Fp, Gll^Fp, Gll^Fp
Wo, Wog, Wog, Wog, Wog, Wog, Wog, Wog, Wog, Wog, Wo, Ww, Ww, Aa, Aa, Ww, Aa, Aa, Ai, Gg, Mm, Mm, Gg^Fp, Hh, Gg, Hh, Gg, Mm, Hh^Fp, Hh, Ha, Ms, Ai, Ms, Mm, Ha, Ms, Ms, Gll^Fp, Gll^Fp, Ww, Gg, Gg, Aa, Gg, Md, Md, Gg, Gll^Fp, Gg, Gll^Fdw, Gll^Fdw, Aa, Rrc, Aa, Ss, Gll^Fdw, Gll^Fdw, Gs^Fds, Gs^Fds, Gs^Fds, Gs^Fds, Gg, Gs^Fds, Gs^Fds, Gs^Fds, Aa, Aa, Gll^Fmw, Aa, Gll^Fmw, Ss, Gll^Fdf, Gg, Gll^Fdf, Gll^Fp, Gll^Fp
Wo, Wo, Wo, Wog, Wog, Wog, Wog, Wog, Wo, Wo, Wo, Ww, Ww, Ds, Aa^Vea, Ai, Aa, Ww, Aa, Aa, Ai, Gs^Vh, Gg, Gg^Fp, Mm, Hh, Mm, Hh^Fp, Ha^Fp, Ha^Vhha, Ha, Ms, Ha, Ai, Ww, Aa, Ha, Mm, Gll^Fp, Gll^Fp, Aa, Ww, Ww, Ww, Ww, Gll^Fp, Gll^Fdf, Gll^Fdf, Gll^Fp, Gd^Vo, Gll^Fdw, Aa, Rrc, Rrc, Rrc, Aa, Gll^Fdw, Gs^Fds, Gs^Fds, Gg^Dr, Ss, Ss, Gg, Gs^Fds, Gll^Fmw, Gs^Fds, Gll^Fmw, Gll^Fmw, Ss, Gll^Fmw, Gll^Fmw, Gll^Fmw, Gll^Fdf, Gg, Gg, Gll^Fdf, Gll^Fp
Wo, Wo, Wo, Wo, Wo, Wo, Wo, Wo, Wo, Wo, Ww, Ww, Ww, Ds, Ww, Ai, Aa, Ww, Ai, Ai, Ha, Aa, Mm, Gg^Fp, Ha, Ha, Mm, Ha, Ms, Ms, Ha, Ha, Aa, Aa, Ha, Ww, Ha, Aa, Aa, Aa, Ss, Ss, Gg^Em, Gll^Fp, Ww, Md, Md, Gll^Fp, Gg, Gg^Dr, Rrc, Rrc, Aa, Aa, Aa, Rrc, Rrc, Gs^Fds, Gs^Fds, Gg, Ss, Gs^Fds, Gg, Aa, Gll^Fmw, Aa, Gll^Fmw, Gg, Ss, Gll^Fmw, Ss, Gll^Fdf, Gll^Fdf, Gll^Fdf, Rb, Gll^Fdf, Gll^Fp
Wo, Wo, Wo, Wo, Wo, Wo, Wo, Wo, Wo, Wo, Ww, Ww, Ww, Ww, Aa, Ww, Ai, Ai, Aa, Ha, Ms, Ha, Ms, Ha, Ha, Ms, Mm, Ha, Ms, Ha, Ha, Aa, Aa, Aa, Gg, Ww, Ai, Ha, Gg^Dr, Gll^Feth, Aa, Md, Gll^Fp, Gll^Fp, Ww, Gg, Md, Md, Rrc, Rrc, Gg^Dr, Md, Gg, Aa^Vha, Gg^Dr, Gll^Fdw, Ss, Rrc, Gs^Fds, Gg, Gg^Em, Gg, Gg, Aa, Aa, Gll^Fmw, Gll^Fmw, Gll^Fmw, Gll^Fmw, Ss, Gll^Fdf, Gs, Gs, Gll^Fdf, Ss, Ss, Ss
Wo, Wo, Wo, Wo, Wo, Wo, Wo, Wo, Wo, Ww, Ww, Ww, Ww, Ww, Aa, Aa, Ai, Aa, Aa, Mm, Ms, Ms, Mm, Ha, Aa, Mm, Mm, Ha, Ha, Ha, Aa, Aa, Gll^Fp, Gg, Gs^Vl, Ha, Ha, Ai, Ai, Ww, Ww, Md, Hh, Gg, Ww, Gll^Fp, Rrc, Rrc, Md, Md, Gg, Md, Gg, Gll^Fdw, Gs^Fds, Gs^Fds, Gg, Rrc, Gg, Gg, Hh, Gg, Ss, Aa, Gs^Vh, Gll^Fmw, Gg, Gll^Fmw, Gll^Fmw, Gll^Fmw, Gll^Fdf, Gll^Fdf, Gg, Gll^Fdf, Ss, Ss, Ss
Wo, Wo, Wo, Wo, Wo, Wo, Wo, Wo, Wo, Ww, Ww, Ww, Ds, Ds, Ww, Ww, Ai, Aa, Ha, Mm, Ms, Mm, Ha, Aa, Gg^Fp, Mm, Ww, Aa, Ai, Aa, Ss, Ss, Ss, Aa, Gll^Fp, Gg, Gg, Ha, Gg, Md, Gll^Fp, Ww, Ww, Hh, Rrc, Ww^Bsb/, Ww, Hh, Md, Gg, Ds, Gll^Fdf, Gll^Fdf, Gs^Fds, Gg, Gg, Hh, Rr^Vd, Md, Hh, Hh, Gg^Dr, Gg, Ss, Aa, Aa^Fmw, Aa, Gg, Aa^Fmw, Gg, Gg, Gll^Fdf, Gll^Fdf, Gll^Fdf, Gs, Gs, Gll^Fp
Wo, Wo, Wog, Wo, Wo, Wo, Wo, Wo, Wo, Ww, Ww, Ww, Ds, Ww, Ww, Ww, Aa, Aa, Ha, Ms, Mm, Ha, Ha, Aa, Mm, Mm, Ms, Ai, Ha, Ai, Ww, Gll^Fp, Ss, Aa, Gll^Fp, Gll^Fp, Gg, Gg, Gll^Fp, Gll^Fp, Hh, Hh, Ww^Bsb/, Rrc, Hh, Hh^Vhh, Gg, Ww, Ww, Ds, Ds, Ds, Ds, Gll^Fdf, Md, Md, Md, Rrc, Hh, Md, Gg, Gs^Fds, Gg, Aa, Aa, Gg, Aa, Aa, Aa^Fpa, Aa, Gg, Gll^Fdf, Gg, Gll^Fdf, Gll^Fdf, Gll^Fp, Gll^Fp
Wog, Wog, Wog, Wog, Wog, Wo, Wo, Wo, Wog, Ww, Ww, Ds, Ww, Ww, Wog, Ww, Ww, Aa, Aa, Mm, Ha, Aa, Aa, Aa, Hh, Aa, Aa, Ha, Ms, Aa, Gg, Ww, Ww, Gll^Fp, Ww, Gd^Fetd, Gg, Gll^Fp, Gg, Gg, Rp, Rp, Rrc, Ww, Hh, Hh, Hd, Ds, Ww, Ww, Ww, Ww, Ww, Ds, Gg, Gg, Gg, Rrc, Gg, Md, Hh, Gs^Fds, Aa^Fpa, Ms, Ha, Aa^Fpa, Aa^Feta, Aa^Fpa, Aa, Aa^Vla, Hh, Gs^Fms, Gs, Gs, Gll^Fp, Gll^Fp, Gll^Fp
Wog, Wog, Wog, Wog, Wog, Wo, Wog, Wog, Wog, Wog, Ww, Ds, Ww, Ww, Wog, Ww, Ww, Ds, Aa, Mm, Aa, Aa, Hh, Hh, Mm, Ms, Ha, Ha, Ms, Aa, Gg, Gll^Fp, Gll^Fp, Ww, Md, Ww, Ww, Gll^Fp, Rp, Rp, Gll^Fp, Gg^Emf, Rrc, Ww, Ww, Hd, Ww, Ww, Ww, Ww, Ww, Ww, Ww, Ds, Chr, Chr, Chr, Rrc, Hhd, Hhd, Gg, Gs^Fds, Gg, Hh, Aa, Aa^Fpa, Ss, Aa, Ww, Mm, Gs, Gs^Fms, Gg, Gs^Fms, Gg, Gg, Gll^Fp
Wog, Wog, Wog, Wog, Wog, Wo, Wog, Wog, Wog, Wog, Wog, Ww, Ww, Wog, Wog, Ww, Ww, Ds, Gg, Gg, Mm, Mm, Hh, Hh^Fp, Mm, Ms, Ha, Ms, Ha, Aa, Gg, Gg, Gg, Md, Gg, Md, Rp, Ww^Bw/, Ww, Gll^Fp, Gll^Fp, Gll^Fp, Rrc, Gg, Ds, Ww, Ww, Ww, Ww, Wog, Wog, Ww, Ww, Ww, Ds, Khr^Vov, Gd, Rrc, Hhd, Hhd, Ww, Gs^Fds, Ss, Ww, Ss, Ss, Ww, Ss, Gll^Fmf, Gs, Hh, Hh, Hh, Gg, Gg, Gll^Fp, Hh
Wog, Wog, Wog, Wog, Wog, Wog, Wog, Wog, Wog, Wog, Wog, Wog, Wog, Wog, Ww, Ww, Dd^Vh, Ds, Aa, Gg, Mm, Mm, Hh, Hh^Fp, Mm, Mm, Ww, Ha, Ai, Mm, Ss, Gg, Ss, Ss, Rp, Rp, Md, Gll^Fp, Md, Ww, Ww, Ww^Ewf, Ww^Bsb|, Gg, Ds, Ww, Ww, Ww, Wog, Wog, Wog, Ww, Hd, Ww, Ww, Ds, Gg, Rrc, Gg, Hhd, Gg, Ww, Ww, Ww, Ss, Ww, Gll^Fmf, Gll^Fmf, Gll^Fmf, Mm, Gg, Gll^Fp, Gg, Gg, Ss, Gs^Fds, Hh
Wog, Wog, Wog, Wog, Wog, Wog, Wog, Wog, Wog, Wog, Wog, Wog, Wog, Ww, Ww, Ww, Ds, Ds, Aa, Aa, Mm, Mm, Hh, Gg, Hh, Mm, Mm, Ww, Gll^Fp, Ww, Ww, Gg, Rp, Rp, Hh, Gs^Vh, Ww, Md, Gll^Fdf, Gll^Fdf, Gll^Fdf, Gg^Efm, Rrc, Ww, Ww, Ww, Ww, Wog, Wog, Wog, Wog, Ww, Ww, Ww, Ds, Ds, Gg, Rrc, Gg, Gg, Gg, Gg^Em, Gg, Ss, Ss, Gs, Rp, Gll^Fmf, Gg, Hh, Cv, Hh, Ww, Ss, Ww, Ss, Ss
Wog, Wog, Wog, Wog, Wog, Wog, Wog, Wog, Wog, Wog, Wog, Wog, Wog, Ww, Ww, Ww, Ds, Aa, Aa, Gg, Hh, Hh, Hh^Fp, Hh^Fp, Hh^Fp, Hh, Mm, Gll^Fp, Gll^Fp, Mm, Rp, Ww^Bw/, Ww^Ewf, Ww, Ww, Ww, Hh, Ww, Ww, Ww, Ww, Gg^Efm, Rrc, Ds, Ww, Ww, Wog, Wog, Wog, Wog, Wog, Ww, Ww, Ds, Gg, Gg, Hhd, Rrc, Hhd, Hhd, Gll^Fdf, Gg, Rp, Rp, Rp, Rp, Mm, Rp, Rp, Cv, Kv, Cv, Gs^Fms, Ww, Ss, Ww, Ss
Wog, Wog, Wog, Wog, Wog, Wog, Wog, Wog, Wog, Wog, Wog, Wog, Wog, Ww, Ww, Ww, Ds, Aa, Aa^Fp, Hh^Fp, Hh, Mm, Hh, Mm, Hh, Hh, Hh, Mm, Ww, Gll^Fp, Rp, Gll^Fp, Gll^Fp, Gll^Fp, Gll^Fp, Mm, Mm, Gll^Fdf, Hh, Ss, Gll^Fp, Ww, Ww^Bsb|, Ds, Ww, Ww, Wog, Wog, Wog, Wog, Wog, Ww, Ww, Dd^Vh, Ds, Hhd, Gll^Fdf, Rrc, Hhd, Hhd, Rp, Rp, Hhd, Hhd, Gg, Mm, Mm, Gll^Fdf, Gg, Cv, Cv, Cv, Gg, Ss, Ss, Hh, Hh
Wog, Wog, Wog, Wog, Wog, Wog, Wog, Wog, Wog, Wog, Wog, Wog, Wog, Ww, Ww, Ww, Ds, Ds, Hh^Fp, Hh^Fp, Mm, Mm, Hh, Hh, Mm, Hh^Fp, Hh, Hh, Hh, Rp, Ww, Gll^Fdf, Hh, Mm, Gll^Fdf, Gll^Fp, Gs^Fds, Gll^Fp, Mm, Gll^Fdf, Hh, Hh, Rrc, Ww, Ww, Ww, Wog, Wog, Wog, Wog, Wog, Ww, Ww, Ds, Ds, Hhd, Gg, Rrc, Rp, Rp, Gg^Gvs, Gg, Gg, Gll^Fdf, Hh, Gd^Fetd, Hh, Gg, Gs^Fms, Ww, Ww, Ss, Ss, Gg, Gg, Gs^Fms, Gs^Fms
Wog, Wog, Wog, Wog, Wog, Wo, Wog, Wog, Wog, Wog, Wog, Wog, Wog, Wog, Ww, Ww, Ds, Ds, Hh, Hh, Hh, Mm, Gll^Fp, Mm, Mm, Hh, Hh, Mm, Mm, Rp, Gll^Fp, Ww^Ewf, Ww, Hh, Hh, Gg^Ve, Gs^Fds, Gs^Fds, Gs^Fds, Gs^Fds, Gll^Fdf, Mm, Rrc, Hd, Ww, Ww, Wog, Wog, Wog, Wog, Wog, Ww, Ww, Ds, Ds, Gg, Rrc, Rrc, Gg^Gvs, Gg^Gvs, Gg^Gvs, Gll^Fdf, Gll^Fdf, Gg, Hh^Fp, Gll^Fp, Ww, Hh, Hh, Ss, Ww, Gg, Hh, Hh, Gs^Fms, Gs^Fms, Gs^Fms
Wog, Wog, Wog, Wog, Wog, Wog, Wog, Wog, Wog, Wog, Wog, Wog, Wog, Wog, Ww, Ds, Ss, Gg^Fp, Hh, Mm, Mm, Mm, Mm, Gll^Fp, Rp, Rp, Rp^Vud, Mm, Rp, Rp, Rp, Hh, Rp, Hh, Gs^Fds, Gs^Fds, Gs^Fds, 7 Gg^Fet, Gs^Fds, Mm, Hh^Vhh, Mm, Rrc, Hd, Ds, Ww, Ww, Wog, Ww, Ww, Ww, Ww, Wwr, Ds, Ds, Gg^Es, Rrc, Mm, Gll^Fdf, Gg^Gvs, Gg^Gvs, Ww^Ewf, Ww^Ewf, Gg, Gg, Hh^Fp, Hh, Ww, Hh, Ww, Ss, Gg^Ve, Gs^Fms, Hh, Gs^Fms, Gs^Fms, Gg
Wog, Wog, Wog, Wog, Wog, Wog, Wog, Wog, Wog, Wog, Wog, Wog, Wog, Ww, Ww, Ds, Ss, Ss, Hh, Mm, Gg, Mm, Rp, Rp, Mm, Gll^Fp, Mm, Rp, Ww, Mm, Mm, Rp, Hh, Rp, Ww, Ww, Ww^Ewf, Gs^Fds, Ww, Gs^Fds, Ww, Hh, Rrc, Ds, Ww, Ww, Ww, Ww, Wwr, Wwr, Wwr, Wwr, Ww, Ds, Gg, Gg, Rrc, Gg, Gll^Fdf, Gs^Vh, Gll^Fdf, Mm, Mm, Gg, Gg, Gg^Fp, Gs^Fms, Gs^Fms, Ss, Ww, Ww, Ww^Ewl, Ww, Ww, Ww, Gg, Gs^Fms
Wog, Wog, Wog, Wog, Wog, Wog, Wog, Wog, Wog, Wog, Wog, Wog, Wog, Ww, Ww, Ds, Gg, Hh, Hh, Mm, Cf, Rp, Gg, Hh, Gll^Fp, Mm, Ww, Ww, Hh, Ww, Ww, Ww, Ww, Ww^Bw|, Gll^Fdf, Gs^Fds, Gs^Fds, Ww, Gs^Fds, Ww, Gll^Fdf, Ww, Ww^Bsb|, Ww, Gg^Efm, Ds, Ds, Wwr, Ww, Ww, Wwr, Wwr, Wwr, Ds, Hh, Hh, Rrc, Hh, Gll^Fdf, Gg, Gg, Mm, Gg, Hhd, Gg, Gs^Fms, Ww^Ewf, Ww, Gs^Fms, Ss, Gs^Fms, Gs^Fms, Gll^Fp, Gll^Fp, Gll^Fp, Gs^Fms, Gs^Fms
Wog, Wog, Wog, Wog, Wog, Wog, Wog, Wog, Wog, Wog, Wog, Wog, Ww, Ww, Ww, Ds, Gg, Hh, Hh, Cf, Kf, Cf, Hh, Mm, Hh, Mm, Mm, Hh, Hh, Hh, Hh, Hh, Gg^Efm, Rp, Rp, Gll^Fdf, Rp, Ss, Gg, Ss, Gg^Efm, Gll^Fdf, Rrc, Gll^Fdf, Gg^Efm, Gg^Efm, Ds, Wwr, Wwr, Wwr, Ww, Wwr, Ww, Ds, Hh, Rrc, Hh, Hh, Hh, Ss, Gg, Hhd, Gg, Hhd, Ww, Ss, Ss, Ww, Ww, Gs^Fms, Ww, Gs^Fms, Hh, Mm, Gll^Fp, Gll^Fp, Hh
Wog, Wog, Wog, Wog, Wog, Wog, Wog, Wog, Wog, Wog, Wog, Ww, Ww, Ww, Ww, Dd^Vud, Ds, Gg, Hh, Cf, Cf, Cf, Hh, Hh, Hh, Mm, Hh, Mm, Hh, Gg, Gg, Gg, Gg, Gll^Fdf, Gll^Fdf, Rp, Gll^Fdf, Rp, Rp, Rp, Rp, Gll^Fdf, Rrc, Gll^Fdf, Gg^Efm, Ds, Ww, Ww, Ww, Wwr, Wwr, Wwr, Ds, Ds, Hh, Rrc, Hh, Hh, Hh, Hh, Gg, Hhd, Gll^Fp, Gll^Fp, Gll^Fp, Ww, Ss, Ww^Ewl, Ww^Vm, Ss, Ss, Gs^Fms, Hh, Gll^Fp, Hh, Hh, Hh
Wog, Wog, Wog, Wog, Wog, Wog, Wog, Wog, Wog, Wog, Wog, Ww, Ww, Ww, Ww, Ww, Ds, Hh, Hh, Hh, Mm, Hh, Hh, Mm, Hh, Hh, Gg, Hh, Hh, Ww, Ww, Gll^Fp, Gll^Fp, Gll^Fdf, Gg^Efm, Rp, Gg, Gs^Vc, Gs^Fds, Gg^Efm, Gs^Fds, Rp, Rrc, Gg^Efm, Gg^Efm, Ds^Vh, Ww, Ww, Ww, Ww, Ww, Ww, Ds, Hh, Hh, Rrc, Ss, Ss, Ss, Gg, Gg, Gg, Gg, Gll^Fp, Ss, Ww, Ss, Ww, Gs^Fms, Ss, Gs^Fms, Gs^Fms, Gg, Gll^Fp, Gll^Fp, Gll^Fp, Gs^Fms
Wog, Wog, Wog, Wog, Wog, Wog, Wog, Wog, Wog, Wog, Wog, Wog, Wog, Ww, Ds, Ww, Ds, Hh^Fp, Hh^Fp, Gg, Mm^Fp, Hh^Fp, Hh, Hh, Hh^Fp, Mm, Hh^Fp, Hh^Fp, Gg, Gg, Gg, Ww, Gg, Gll^Fdf, Gg, Rp, Gg^Efm, Gg^Efm, Gg, Gg, Gs^Fds, Gg, Rrc, Gg, Co, Ds, Ww, Ww, Wog, Wog, Ww, Ww, Ds, Ds, Gg, Rrc, Ss, Ww^Ewf, Ss, Gg, Gll^Fp, Gg, Gll^Fp, Gg^Gvs, Gg^Gvs, Ss, Gll^Fp, Gll^Fp, Gs^Fms, Gs^Fms, Gs^Fms, Gs^Fms, Ss^Vhs, Gll^Fp, Gg, Gs^Fms, Gs^Fms
Wo, Wog, Wog, Wog, Wog, Wog, Wog, Wog, Wog, Wog, Wog, Wog, Wog, Ww, Ww, Ww, Ds, Ds, Gg, Hh^Fp, Hh^Fp, Hh^Fp, Mm, Mm, Hh, Hh^Fp, Mm, Gg, Gg^Gvs, Gg^Gvs, Hhd, Hhd, Hhd, Hhd, Ss, Rp, Ss, Gs^Fds, Gg, Gs^Fds, Ss, Ss, Rrc, Co, 6 Ko^Vov, Co, Ww, Ww, Wog, Wog, Ww, Ww, Ww, Ds, Gll^Fdf, Rrc, Ss, Ss, Gg, Gg, Gg^Gvs, Gg, Gg, Gg^Gvs, Gs^Fds, Gg, Gll^Fp, Gll^Fp, Gll^Fp, Gs^Fms, Gs^Fms, Ss, Ss, Gg, Gs^Fms, Gs^Fms, Gg
Wo, Wog, Wog, Wog, Wog, Wog, Wog, Wog, Wog, Wog, Wog, Wog, Wog, Ww, Ww, Ww, Ds, Ds, Ss, Ss, Ss, Gg, Hh, Mm, Mm, Hh, Mm, Gg, Gg^Gvs, Gg^Gvs, Gs^Fds, Gs^Fds, Gg, Hhd, Ss, Rp, Ss, Ss, Gg, Gg, Rrc, Rrc, Gg, Co, Co, Co, Ww, Ww, Ww, Ww, Ww, Ww^Vm, Ds, Ds, Rrc, Rrc, Ss^Vhs, Gg, Gg^Gvs, Gg^Gvs, Gg^Gvs, Gll^Fp, Gg, Gs^Vl, Gll^Fp, Gll^Fp, Gs^Fms, Ww, Gg, Gs^Fms, Gs^Fms, Ww, Ww, Gll^Fp, Gs^Fms, Gs^Fms, Gs^Fms
Wog, Wog, Wog, Wog, Wog, Wog, Wog, Wog, Wog, Wog, Wog, Wog, Wog, Ww, Ww, Ww, Ds, Ds, Gll^Fp, Gll^Fp, Hh, Hh, Hh, Gg, Mm, Hh, Hh, Gg, Gg, Gg^Gvs, Gs^Fds, Gs^Fds, Hhd, Hhd, Ss, Rp, Ss, Ss, Rrc, Rrc, Gg, Gg, Gg, Gg, Ds, Wwr, Wwr, Ww, Wwr, Ww, Ww, Ds, Rrc, Rrc, Ss, Ss, Gg, Hh, Hh, Gg^Gvs, Gs^Fds, Gs^Fds, Gg^Gvs, Gs^Fds, Gs^Fds, Gll^Fp, Gg, Ww, Ss, Gg, Ww, Ss, Ww, Gll^Fp, Gs^Fms, Gs^Fms, Gs^Fms
Wog, Wog, Wog, Wog, Wog, Wog, Wog, Wog, Wog, Wog, Wog, Wog, Ww, Ww, Ww, Ww, Ds, Gll^Fp, Gll^Fp, Gll^Fp, Mm, Hh, Mm, Mm, Mm, Gg, Gg^Gvs, Gg^Gvs, Mm, Gg, Gg, Hhd, Ss, Ss, Ww^Ewf, Rp, Rrc, Rrc, Gg^Efm, Gg^Efm, Hh, Gg, Ss, Hh^Vo, Ds, Ww, Ww, Wwr, Ww, Ds, Wwr, Ds, Gg, Rrc, Rrc, Ss, Gg, Hh, Gs^Fds, Gs^Fds, Hh, Gg^Gvs, Gg^Gvs, Gg^Gvs, Ww, Gg, Ss, Ww, Ww, Ss, Ww, Ww, Ss, Mm, Ss, Gs^Fms, Ss
Wog, Wog, Wog, Wog, Wog, Wog, Wog, Wog, Wog, Wog, Wog, Ww, Ww, Ww, Ds, Ww, Ds, Gg, Gll^Fp, Gll^Fp, Mm, Gll^Fp, Hh, Hh, Mm^Vud, Mm, Gg^Gvs, Gg^Gvs, Gg^Efm, Gg^Efm, Gg^Efm, Gd^Vo, Gg^Efm, Ss, Gg, Ss, Rrc, Gg, Hh, Gg^Efm, Hh, Hh, Gg, Ds, Ww, Ww, Ww, Ww, Ww, Ww, Ww, Ds, Gg, Gll^Fdf, Gll^Fdf, Rrc, Rrc, Hh, Gs^Fds, Hh, Gs^Fds, Ww, Ww, Ss, Hhd, Gg, Ss, Gg, Ww, Ss, Gg, Gs^Fms, Gs^Fms, Ss, Ww, Ss, Ss
Wog, Wog, Wog, Wog, Wog, Wog, Wog, Wog, Wog, Wog, Wog, Ww, Ww, Ww, Ww, Ww, Ds, Gg, Gg, Gll^Fp, Mm, Hh, Hh, Hh, Mm, Mm, Gg^Gvs, Gg^Gvs, Gg^Efm, Gg, Gg, Gg, Hh, Gg, Gg, Gg, Rrc, Gg, Hh, Hh, Hh, Gg, Ds, Ds, Ww, Ww, Wo, Ww, Ww, Ww, Ww, Ds, Ds, Gg, Gll^Fdf, Mm, Gs^Fds, Rrc, Rrc, Gs^Fds, Mm, Gg, Ss, Ww, Gg, Gll^Fp, Gll^Fp, Gll^Feth, Ss, Ww, Gg, Gs^Fms, Gs^Fms, Gg, Ww, Gs^Fms, Gs^Fms
Wog, Wog, Wog, Wog, Wog, Wog, Wog, Wog, Wog, Wog, Wog, Wog, Wog, Ww, Ww, Ww, Ds, Gg, Ss, Gg^Fp, Hh^Fp, Hh^Fp, Hh, Mm, Mm, Gg, Gg^Gvs, Gg^Gvs, Hh, Gg, Hh, Hh, Hh, Gg, Gg, Hh, Rrc, Gg, Gg, Hh, Gg, Gg, Ds, Ww, Wo, Wo, Wo, Wo, Ww, Ww, Ww, Ww, Ds, Gg, Gg, Gs^Fds, Gs^Fds, Gs^Fds, Mm, Rrc, Rrc, Ss, Ss, Ss, Ss, Gg, Ss, Gg, Ss, Ww, Ww, Gg, Mm^Vo, Gg, Mm, Gg, Gs^Fms
Wog, Wog, Wog, Wog, Wog, Wog, Wog, Wog, Wog, Wog, Wog, Wog, Wog, Ww, Ds, Ww, Ww, Hh^Fp, Gll^Fp, Ss, Mm, Mm, Hh^Fp, Mm, Hh, Mm, Mm, Gg^Gvs, Hh, Gg, Gg, Gg, Hh, Gg, Hh, Gll^Fp, Rrc, Gll^Fp, Gll^Fp, Gg, Gg, Hh, Ds, Ww, Wo, Wo, Wo, Wo, Ww, Ww, Ww, Ww, Ww, Ds^Vh, Ds, Gg^Es, Hh, Hh, Hh, Gg, Ww, Rrc, Rrc, Ww^Ewl, Ss, Ww, Ww, Ww, Ww, Ss, Ss, Mm, Gg, Mm, Gg, Gs^Fms, Gg
Wog, Wog, Wog, Wog, Wog, Wog, Wog, Wog, Wog, Wog, Wog, Wog, Ww, Ww, Ds, Ds, Ww, Hh^Fp, Ha^Fma, Hh^Fp, Mm, Ss, Gll^Fp, Gll^Fp, Hh^Fp, Mm, Mm, Hh, Mm, Mm, Hh, Gg, Gll^Fp, Gg, Rrc, Rrc, Gll^Fp, Rrc, Rrc, Gg, Gg, Gg, Ds, Ww, Wo, Wo, Wo, Wo, Wo, Wo, Ww, Ww, Ds, Ww, Ds, Gg, Gg, Hh, Gg, Ss, Ss, Ww, Ss, Rrc, Rr^Vhc, Ss, Mm, Aa, Ms, Ms, Aa^Fds, Gg, Gs^Fds, Gg, Gg, Gll^Fp, Gll^Fp
Wog, Wog, Wog, Wog, Wog, Wog, Wog, Wog, Wog, Wog, Wog, Wog, Ww, Ds, Gg^Gvs, Gg^Gvs, Hh, Ha, Aa^Vha, Ms^Xm, Gll^Fp, Gll^Fp, Mm, Gll^Fp, Hh, Gg, Mm, Hh, Hh, Mm, Hh, Gg, Rrc, Rrc, Gll^Fp, Gg, Gg, Gll^Fp, Rrc, Hh, Gd^Vo, Gg, Ds, Ww, Wo, Wo, Wo, Wo, Wo, Wo, Ww, Ww, Ww, Ww, Ww, Ds, Ds, Gg, Gs^Fds, Ss, Ww, Ss, Ww, Ww, Ww, Rrc, Rrc, Ms, Ms^Xm, Aa^Vo, Aa^Fds, Gs^Fds, Gg, Gg^Es, Gll^Fp, Gll^Fp, Gg
Wog, Wog, Wog, Wog, Wog, Wog, Wog, Wog, Wog, Wog, Wog, Wog, Ww, Ds, Gg^Gvs, Gg^Gvs, Hh, Ms^Xm, Ms, Ha, Hh^Fp, Mm, Hh, Mm, Hh, Hh, Mm, Mm, Mm, Hh, Rrc, Rrc, Hh, Gg, Hh, Hh, Gg, Hh, Rrc, Ss, Hh, Gg, Ds, Ww, Wo, Wo, Wo, Wo, Wo, Wo, Wo, Ww, Wo, Ww, Wo, Ww, Ds, Gg, Gs^Fds, Gg, Gg, Ss, Ww, Ss, Gs^Fds, Gg, Gg, Rrc, Rrc, Aa^Fds, Gg, Gg, Gg, Gll^Fp, Gll^Fp, Gll^Fp, Gg
Wog, Wog, Wog, Wog, Wog, Wog, Wog, Wog, Wog, Wog, Wog, Wog, Ww, Ds, Hh, Hh, Ww, Mm^Xm, Hh, Mm^Xm, Hh, Hh, Mm, Hh, Rrc, Rrc, Rrc, Mm, Rrc, Rrc, Gs^Vc, Gll^Fp, Gll^Fp, Gg, Gg, Gg, Gg, Gg, Ss, Rrc, Hh, Hd, Ww^Vm, Ww, Wo, Wo, Wo, Wo, Wo, Wo, Wo, Wo, Wo, Wo, Wo, Ww, Ds, Gg, Gs^Vh, Gs^Fds, Gs^Fds, Gs^Fds, Gs^Fds, Gg, Gs^Fds, Gs^Fds, Gg, Hh, Hh, Rrc, Rrc, Gg, Gll^Fp, Gll^Fp, Gll^Fp, Gll^Fp, Rrc
Wog, Wog, Wog, Wog, Wog, Wog, Wog, Wog, Wog, Wog, Wog, Wog, Ww, Ds, Ds, Hh, Ww, Ww^Ewf, Ss, Hh, Mm^Xm, Hh, Mm, Mm, Rrc^Vl, Mm, Hh, Rrc, Mm, Mm, Gg, Gg, Gll^Fp, Hh, Hh, Gg, Gll^Feth, Gg, Gg, Rrc, Ss, Ds, Ww, Wo, Wo, Wo, Wo, Wo, Wo, Wo, Wo, Wo, Wo, Wo, Wo, Ww, Ww, Ds, Ds, Gg, Gg, Gs^Fds, Gg, Gg, Hh, Hh, Hh, Gll^Fp, Hh, Hh, Gll^Fp, Rrc, Rrc, Gg, Rrc, Rrc, Gg
Wog, Wog, Wog, Wog, Wog, Wog, Wog, Wog, Wog, Wo, Ww, Ww, Ww, Ds, Ds, Ds, Ww, Gll^Fp, Gg^Gvs, Gg^Gvs, Gg^Gvs, Mm^Xm, Rrc, Rrc, Mm, Mm, Hh, Mm, Mm, Gg, Gll^Fp, Gll^Fp, Gll^Fp, Gll^Fp, Gg, Gg, Hh, Hh, Ss, Rrc, Gg, Ds, Ww, Wo, Wo, Wo, Wo, Wo, Wo, Wo, Wo, Wo, Wo, Wo, Wo, Ww, Ww, Ww, Ds, Ds, Ww, Gg^Efm, Gg^Efm, Hh, Gg, Gll^Fp, Gll^Fp, Gll^Fp, Gll^Fp, Hh, Gll^Fp, Gg, Ch, Ch, Ch, Gg, Ds
Wog, Wog, Wog, Wog, Wog, Wog, Wog, Wog, Ww, Ww, Hh, Ww, Ww, Ww, Ww, Ww, Co, Co, Co, Gg^Gvs, Rrc, Rrc, Hh, Mm^Xm, Hh, Mm^Xm, Hh, Mm, Gg, Gg, Ss, Ss, Ss, Ss, Gg, Gg, Hh, Ss, Ss, Rrc, Gg, Ds, Ww, Wo, Wo, Wo, Wo, Wo, Wo, Wo, Wo, Wo, Wo, Wo, Wo, Wo, Wo, Ww, Ww, Ds, Ds, Ww, Gg, Gll^Fp, Gg, Gll^Fp, Gg, Gg, Gg, Gll^Fp, Rrc, Rrc, Ch, 3 Kh^Vov, Ch, Ds, Ww
Wog, Wog, Wog, Wog, Wog, Wog, Wog, Wog, Ww, Hh, Ww, Ww, Ds, Ds, Ds, Ds, Co, 5 Ko^Vov, Co, Rrc, Gg, Gg, Gg, Hh, Hh^Fp, Hh^Fp, Hh^Fp, Mm, Mm, Gg, Gg, Gll^Fp, Gll^Fp, Gll^Fp, Gg, Gg, Gg, Hh, Gg, Rrc, Mm, Ds, Ww, Ww, Ww, Wo, Wo, Wo, Wo, Wo, Wo, Wo, Wo, Wo, Wo, Wo, Wo, Wo, Ww, Ds, Hd, Hhd, Gg, Gg, Md, Gll^Fp, Gg, Mm, Rrc, Rrc, Gg, Gg, Ds, Ch, Ww, Ww, Ww
Wog, Wog, Wog, Wog, Wog, Wog, Ww, Ww, Ds, Ww, Ds, Ds, Gg, Gg, Hh, Gg, Gg, Co, Rrc, Rrc, Gll^Feth, Gll^Fp, Gg, Hh^Fp, Hh^Fp, Mm, Hh^Fp, Mm^Xm, Hh^Fp, Mm^Xm, Mm, Gll^Fp, Gll^Fp, Gg, Gg, Hh, Mm, Gg, Hh, Rrc, Gg, Ds, Ds, Ww, Ww, Ww, Wo, Wo, Wo, Wo, Wo, Wo, Wo, Wo, Wo, Wo, Wo, Wo, Ww, Ds, Ds, Hd, Ds, Hh, Rrc, Rrc, Rrc, Rrc, Gg, Gg, Hd, Ds, Ww, Ww, Ww, Ww, Wo
Wog, Wog, Wog, Wog, Wog, Wog, Ww, Ds, Ww, Ww, Ds, Ds, Ds, Hh, Hh, Gg, Hh, Gg, Rrc, Gg, Gg, Gll^Fp, Gll^Fp, Gll^Fp, Hh, Hh^Fp, Hh, Mm^Xm, Hh^Fp, Hh^Fp, Hh^Fp, Mm, Gg, Gll^Fp, Gll^Fp, Gg, Mm, Mm, Hh, Rrc, Hh, Ds, Gs^Vh, Ds, Ww, Ww, Wo, Wo, Wo, Wo, Wo, Wo, Wo, Wo, Wo, Wo, Ww, Ww, Ww, Ww, Ds, Ds, Wwr, Rrc, Ds, Rr^Vhc, Gg, Gg, Ds, Hd, Ww, Ww, Ww, Ww, Wo, Ww, Wo
Wog, Wog, Wog, Wog, Wog, Wog, Hd, Ww, Ww^Vm, Ds, Ww, Ww, Ds, Gll^Fp, Hh, Mm, Gll^Fp, Gll^Fp, Rrc, Ss, Ss^Vhs, Gg, Hh, Gll^Fp, Hh, Mm, Mm, Hh^Fp, Mm^Xm, Hh, Hh^Fp, Hh, Ce, Ce, Ce, Ss, Ss, Ss, Gg, Rrc, Hh, Gg, Gll^Fdf, Ds, Ww, Ww, Wo, Wo, Wo, Wo, Wo, Wo, Wo, Wo, Ww, Ww, Ww, Ww, Wwr, Wwr, Wwr, Ww, Rrc, Ww, Wwr, Ds, Ds, Ds, Ww, Ww, Ww, Ww, Ww, Ww, Wo, Wo, Wo
Wog, Wog, Wog, Wog, Wog, Wog, Ww, Ww, Ww, Ww, Ww, Ds, Gll^Fp, Gll^Fp, Hh, Mm, Rrc, Rrc, Gll^Fp, Rrc, Rrc, Hh, Hh, Gg, Hh, Hh, Mm^Xm, Hh, Mm, Hh, Hh, Hh, Gg^Efm, Ke^Vov, Hh, Hh, Hh, Hh, Gg, Rrc, Gg, Gll^Fdf, Gll^Fdf, Ds, Ds^Vh, Ww, Wo, Wo, Wo, Wo, Wo, Wo, Wo, Wo, Ww, Ww, Ww, Ww, Wwr, Ww, Wwr, Wwr, Ww, Wwr, Ww, Ww, Ww, Ww, Ww, Ww, Wo, Wo, Wo, Wo, Wo, Wo, Wo
Wog, Wog, Wog, Wog, Wog, Ww, Ds, Hd, Ds, Ds, Ww, Ds, Rrc, Rrc, Rrc, Gs^Vc, Rrc, Hh, Gg^Gvs, Gll^Fp, Gll^Fp, Rrc, Rrc, Gll^Fp, Mm, Hh, Hh, Mm^Xm, Hh^Fp, Hh^Fp, Gg^Gvs, Gg^Gvs, Gg, Gll^Fp, Gg, Gg, Gg, Gg, Gll^Fdf, Rrc, Gg, Gll^Fdf, Mm, Gg, Ds, Ww, Ww, Wo, Ww, Wo, Wo, Wo, Wo, Ww, Ww, Ww, Gll^Fp, Gg, Ww, Wwr, Ww, Ww, Wo, Ww, Ww, Ww, Wo, Ww, Wo, Wo, Wo, Wo, Wo, Wo, Wo, Wo, Wo
Wog, Wog, Wog, Wog, Wog, Ww, Ds, Ds, Ww, Ww, Ds, Hh, Rrc, Hh, Hh, Rrc, Gg^Gvs, Gg^Gvs, Hh, Gg^Gvs, Gg, Gll^Fp, Rrc, Mm, Mm^Xm, Hh, Hh, Hh, Hh, Gll^Fp, Gg, Hh, Gg, Gg, Mm, Mm, Mm, Mm, Gg, Rrc, Gll^Fdf, Gll^Fdf, Mm, Mm, Ds, Ww, Ww, Ww, Ww, Ww, Ww, Ww, Ww, Ww, Ww, Ww, Gg, Rr^Vhc, Rrc, Wwr, Ww, Ww, Wo, Wo, Wo, Wo, Wo, Wo, Wo, Wo, Wo, Wo, Wo, Wo, Wo, Wo, Wo
Wog, Wog, Wog, Wog, Ww, Ww, Ww, Ww, Ds, Hh, Rrc, Rrc, Gg^Gvs, Gg^Gvs, Hh, Hh, Hh, Gg^Gvs, Hh, Hh, Hh, Hh, Mm^Xm, Rrc, Rrc, Mm^Xm, Gg, Gg, Gll^Fp, Gg, Gll^Fp, Gll^Fp, Gg, Mm, Gll^Fdf, Gg^Gvs, Gg^Gvs, Gg^Gvs, Gg^Gvs, Rrc, Rrc, Gll^Fdf, Mm, Gg, Ds, Ds, Ds, Ww, Ww, Ww, Ww, Ww, Ww, Ww, Wwr, Wwr, Ww, Rrc, Ww, Ww, Ww, Wo, Wo, Wo, Wo, Wo, Wo, Wo, Wo, Wo, Wo, Wo, Wo, Wo, Wo, Wo, Wo
Wo, Wog, Ww, Ww, Ww, Ww, Hh, Hh, Rrc, Rrc, Mm, Hh, Hh, Hh, Hh, Mm, Hh, Mm, Mm, Mm, Mm^Xm, Hh, Hh, Gg, Ss, Rrc, Rrc, Ss, Gg, Gs^Vl, Gg, Gll^Fp, Gll^Fdf, Gg, Hh, Gg^Gvs, Gg^Gvs, Mm, Gll^Fdf, Gll^Fdf, Gg, Rrc, Rrc, Gg, Gg, Ds, Gll^Fp, Ds, Ds, Ds, Ds, Ds, Ds, Wwr, Ww, Wwr, Wwr, Wwr, Ww, Ww, Wo, Wo, Wo, Wo, Wo, Wo, Wo, Wo, Wo, Wo, Wo, Wo, Wo, Wo, Wo, Wo, Wo
Wo, Ww, Ww, Ww, Hh, Gd^Vo, Hh, Hh, Rrc, Hh, Mm, Hh, Hh, Mm, Hh, Mm, Mm^Xm, Hh, Mm^Xm, Mm^Xm, Mm, Mm^Xm, Hh, Gg, Hh, Gg, Mm, Rrc, Rrc, Gg, Gg, Mm, Mm, Gg, Gg, Hh, Hhd^Vhhr, Gll^Fdf, Gll^Fdf, Gg, Gg^Efm, Gll^Fdf, Gg, Rrc, Rrc, Gg, Gg, Hh, Gg, Ds, Gll^Feth, Ds, Gg, Ds, Rrc, Wwr, Ww, Ww, Ww, Ww, Ww, Wo, Wo, Wo, Wo, Wo, Wo, Wo, Wo, Wo, Wo, Wo, Wo, Wo, Wo, Wo, Wo
Ww, Ww, Ww, Hh, Mm, Hh, Hh, Hh, Rrc, Hh, Mm, Mm, Hh, Hh, Mm^Xm, Hh, Hh, Mm^Xm, Hh, Hh, Gg, Hh, Gg, Hh, Mm, Mm, Gg, Gll^Fdf, Rrc, Gll^Fdf, Gll^Fdf, Gg, Gll^Fdf, Gll^Fdf, Gll^Fdf, Gg, Gg, Gg, Hh, Hh, Gg^Efm, Hh, Gg, Gg^Efm, Gg, Rrc, Rrc, Gg, Hh, Gg, Gg^Gvs, Gg^Gvs, Gg^Gvs, Rrc, Gg, Ds, Ds, Ww, Ww, Ww, Wo, Wo, Wo, Wo, Wo, Wo, Wo, Wo, Wo, Wo, Wo, Wo, Wo, Wo, Wo, Wo, Wo
Ww, Ww, Hh, Hh, Mm, Mm, Mm, Hh, Rrc, Hh, Mm, Mm, Mm, Mm^Xm, Hh, Hh^Fdf, Gll^Fdf, Gg, Gg, Gg, Mm, Gg, Mm, Mm, Gg, Mm, Gg, Gll^Fdf, Rrc, Gg, Gg, Gll^Fdf, Gll^Fdf, Gg, Hh, Hh, Hh, Hh, Gg, Gg, Gll^Fp, Gg^Efm, Gg, Hh, Rrc, Rrc, Gg, Rrc, Rrc, Hh, Hh, Gg^Gvs, Gll^Fp, Rrc, Gg, Ds, Ds, Ww, Ww, Ww, Wo, Wo, Wo, Wo, Wo, Wo, Wo, Wo, Wo, Wo, Wo, Wo, Wo, Wo, Wo, Wo, Wo
Ww, Hd, Md, Mm, Hh, Hh, Hh, Rrc, Hh, Hh, Mm, Mm^Xm, Mm, Mm, Mm, Gll^Fdf, Hh, Hh, Gll^Fdf, Hh, Gg^Gvs, Mm, Gg^Gvs, Gg^Gvs, Gll^Fdf, Gg, Gll^Feth, Gll^Fdf, Rrc, Gg, Hh, Hh, Gg, Hh, Gg, Gg, Gg, Gg, Gll^Fp, Gll^Fp, Gll^Fp, Gg, Rrc, Rrc, Hh, Hh, Gll^Fp, Gg, Gg, Rrc, Rrc^Ve, Gll^Fp, Gg^Gvs, Rrc, Gll^Fp, Gg, Ds, Ww, Ww, Ww, Wo, Wo, Wo, Wo, Wo, Wo, Wo, Wo, Wo, Wo, Wo, Wo, Wo, Wo, Wo, Wo, Wo
Ww, Hd, Hh, Hh, Ww, Ww, Hh, Rrc, Hh, Mm, Mm, Mm, Mm, Mm, Mm, Mm, Hh^Fdf, Gll^Fdf, Mm, Gg^Gvs, Gg^Gvs, Gg^Gvs, Gg, Hh, Hh, Hh, Gll^Fdf, Gg, Rrc, Gg, Gg, Hh, Gg, Hh, Gg, Gll^Fp, Gll^Fp, Hh, Gg, Gg, Rrc, Rrc, Ss, Hh, Gll^Fp, Gll^Fp, Gll^Fp, Hh, Hh, Gg, Gg, Rrc, Rrc, Rrc, Gg, Gg, Ds, Ww, Ww, Ww, Wo, Wo, Wo, Wo, Wo, Wo, Wo, Wo, Wo, Wo, Wo, Wo, Wo, Wo, Wo, Wo, Wo
Ww, Ww, Ww, Ww, Mm^Xm, Hh, Mm, Rrc, Rrc, Mm^Xm, Hh, Hh, Hh, Hh, Hh, Gg, Gg, Hh^Fdf, Gg, Mm, Gg, Hh, Ss, Gg^Ve, Hh, Gll^Fdf, Gll^Fdf, Gll^Fdf, Rrc, Gg, Hh, Gg, Gll^Fp, Gg, Hh, Hh, Gll^Fp, Gll^Fp, Rrc, Rrc, Gg, Ss^Vhs, Hh, Gll^Fp, Gll^Fp, Gll^Fp, Gg, Gg, Gll^Fp, Hh, Gg^Gvs, Gg^Gvs, Gg^Gvs, Rrc, Ch, Gg, Ds, Ww, Ww, Wo, Wo, Wo, Wo, Wo, Wo, Wo, Wo, Wo, Wo, Wo, Wo, Wo, Wo, Wo, Wo, Wo, Wo
Ww, Ww, Ds, Hh, Hh, Mm^Xm, Mm, Mm^Xm, Hh, Rrc, Rrc, Hh, Hh^Fdf, Gg^Fdf, Hh, Mm, Gg, Mm, Ss, Mm, Gg, Ss, Hh, Gg, Gg, Gs^Vh, Gg, Gg, Rrc, Ss, Ss, Gg, Gg, Gll^Fp, Rrc, Rrc, Rrc, Rrc, Gg, Gg, Gg, Ss, Hh, Hh, Hh, Hh, Mm, Gg^Vc, Gg, Hh^Gvs, Gg^Gvs, Gg^Gvs, Gg, Ch, 1 Kh^Vov, Ch, Ds, Ww, Ww, Ww, Wo, Wo, Wo, Wo, Wo, Wo, Wo, Wo, Wo, Wo, Wo, Wo, Wo, Wo, Wo, Wo, Wo
Ww, Ds, Hd, Hh, Hh^Fdf, Hh^Vhh, Hh^Fdf, Hh, Gg, Hh, Hh^Vhh, Rrc, Gg, Hh, Gg^Gvs, Gg^Gvs, Gg^Gvs, Gg, Ss, Mm, Hh, Hh, Hh, Gg, Gg, Gg, Gll^Fdf, Ss, Rrc, Gll^Fdf, Rrc, Rrc, Rrc, Rrc, Hh, Gg, Gg^Gvs, Gg, Mm, Gg, Mm, Gg, Hh, Ss, Hh, Hh, Gg, Hh, Gg, Hh, Gg, Gll^Fp, Gg, Ch, Ch, Ch, Ds, Ww, Ww, Wo, Wo, Wo, Wo, Wo, Wo, Wo, Wo, Wo, Wo, Wo, Wo, Wo, Wo, Wo, Wo, Wo, Wo
Ww, Ww, Ww, Ww, Hh, Hh^Fdf, Ww, Hh^Fdf, Ss, Gg, Hh, Rrc, Gg, Hh^Fdf, Hh, Gg^Gvs, Gg, Hh, Gll^Fdf, Hh, Hh, Hh, Gg, Gg, Gll^Fdf, Gll^Fdf, Gg, Gll^Fdf, Rrc, Rrc, Gll^Fdf, Gg, Gg, Gg, Gg^Gvs, Gg^Gvs, Gg^Gvs, Mm, Mm, Mm, Gg, Mm, Mm, Gg, Gll^Fp, Hh, Gll^Fp, Gll^Fp, Gg, Gg, Gg^Gvs, Gg, Gg^Gvs, Gg, Ds, Ds, Ww, Ww, Ww, Wo, Wo, Wo, Wo, Wo, Wo, Wo, Wo, Wo, Wo, Wo, Wo, Wo, Wo, Wo, Wo, Wo, Wo
Ww, Ww, Ww, Ds, Ww, Ww, Gg^Gvs, Ww, Ss, Hh^Fdf, Rrc, Rrc, Ss, Gg, Gg, Hh, Hh, Gll^Fdf, Gg, Gll^Fdf, Hh, Gg, Gll^Fdf, Gg, Gll^Fdf, Gg, Rrc, Rrc, Gll^Fdf, Gll^Fdf, Ss, Mm, Gg, Gll^Fdf, Gg^Gvs, Gll^Fdf, Gg^Gvs, Mm, Mm, Gg, Gll^Fdf, Gg, Gg, Mm, Mm, Gll^Fp, Mm, Gg, Ss, Gg, Gll^Fp, Gg^Gvs, Ds, Ds, Ww, Ww, Ww, Ww, Wo, Wo, Wo, Wo, Wo, Wo, Wo, Wo, Wo, Wo, Wo, Wo, Wo, Wo, Wo, Wo, Wo, Wo, Wo
Wog, Ww, Ww, Ww, Ds, Gg^Gvs, Mm, Mm, Ss, Ss, Rrc, Ss, Gg, Gg, Mm, Gg, Gg, Hh, Hh, Hh, Ss, Gg, Gg, Gll^Fdf, Rrc, Rrc, Ch, Gg, Gg, Gg, Gg, Gg, Gg, Gg, Mm, Gg^Gvs, Gll^Fdf, Gg^Gvs, Gg, Mm, Gg, Gll^Fdf, Gll^Fdf, Gg, Gg^Ve, Mm, Mm, Mm, Mm, Ss, Gg, Gg, Ds, Ww, Ww, Ww, Ww, Wo, Wo, Wo, Wo, Wo, Ww, Wo, Wo, Wo, Wo, Wo, Wo, Wo, Wo, Wo, Wo, Wo, Wo, Wo, Wo
Wog, Wog, Ww, Ww, Ds, Gg, Gg, Gg^Gvs, Gg^Gvs, Gs^Vc, Rrc, Gll^Fdf, Gll^Fdf, Gg, Gll^Fdf, Gg, Gg, Ss, Ss, Gg, Gg, Gg, Rrc, Rrc, Gg, Ch, 2 Kh^Vov, Ch, Gg, Mm, Gll^Fdf, Gg, Mm, Mm, Gg, Gg, Hh, Gg, Ss, Mm, Ss, Gg, Mm, Mm, Gg, Gll^Fp, Gg, Mm, Gg, Gg, Gg, Gll^Fp, Ds, Ww, Ww, Ww, Ww, Wo, Wo, Wo, Ww, Ww, Ww, Ww, Wo, Wo, Wo, Wo, Wo, Wo, Wo, Wo, Wo, Wo, Wo, Wo, Wo
Wog, Wog, Ww, Ww, Ch, Ch, Ch, Gg, Rrc, Rrc, Gll^Fdf, Rrc, Rrc, Gg, Gg, Gll^Fdf, Gg, Gll^Fdf, Gg, Gg, Rrc, Rrc, Gll^Fdf, Ss, Gg, Ch, Ch, Ch, Gg, Gg, Gg^Gvs, Gll^Fdf, Gll^Fdf, Gg, Hh, Gll^Fdf, Ww, Ww, Ww, Ww, Hh, Mm, Hh, Gg, Gg, Gll^Fp, Gll^Fp, Gll^Fp, Gg^Gvs, Gg^Gvs, Mm, Mm, Ds, Ww, Ww, Ww, Ww, Wo, Wo, Wo, Ww, Ww, Ds, Ww, Ww, Wo, Wo, Wo, Wo, Wo, Wo, Wo, Wo, Wo, Wo, Wo, Wo
Wog, Wog, Ww, Ww, Ch, 4 Kh^Vov, Ch, Rrc, Gg^Gvs, Gg^Gvs, Ss, Gg, Gg, Rrc, Rrc, Rr^Vhc, Rrc, Gll^Fdf, Rrc, Rrc, Gg, Gg, Gll^Fdf, Gg, Gg^Ve, Gg, Ww, Gg, Gg, Gg^Gvs, Gg^Gvs, Gg^Gvs, Gg^Gvs, Gg, Hh, Gg, Gll^Fdf, Ww, Ww, Ww, Ww, Ww, Hh, Gll^Fp, Gg, Gll^Fp, Gg^Gvs, Gg^Gvs, Gg^Gvs, Rp^Vhcr, Mm, Gg, Ds, Ww, Ww, Ww, Ww, Ww, Ww, Wo, Ww, Ds, Ds, Ww, Ww, Wo, Wo, Wo, Wo, Wo, Wo, Wo, Wo, Wo, Wo, Wo, Wo
Wog, Wog, Ww, Ww, Ww, Ch, Gg^Gvs, Gg^Gvs, Gg^Gvs, Gg^Gvs, Gll^Fdf, Gll^Fdf, Gg, Gg, Mm, Mm, Mm, Rrc, Gg, Gg, Ss, Gg, Gll^Fdf, Gg, Ww, Ww, Ww, Gg^Ve, Gll^Fdf, Gll^Fdf, Gll^Fdf, Gg^Gvs, Mm, Mm, Gg, Gll^Fdf, Ww, Ww, Ww, Ww, Ww, Hh, Gll^Fp, Gg, Ww, Gll^Fp, Gll^Fp, Gg^Gvs, Mm^Vh, Mm, Mm, Mm, Ds, Ds, Ww, Ww, Ww, Ww, Ww, Ww, Ww, Ds, Ds, Ww, Ww, Ww, Ww, Wo, Wo, Wo, Wo, Wo, Wo, Wo, Wo, Wo, Wo
Wo, Wog, Ww, Ww, Ds, Ds, Gg, Mm, Gg, Gg^Gvs, Gg, Gll^Fdf, Gg, Mm, Mm, Mm, Gg, Mm, Gg, Mm, Gg, Ss, Gll^Fdf, Gll^Fdf, Ww, Ww, Ww, Ww, Ww, Gll^Fdf, Mm, Mm, Gg, Mm, Gg, Ss, Ww, Ww, Ww, Ww, Ww, Gll^Fp, Gg, Ww, Ww, Gll^Fp, Gg, Mm, Mm, Mm, Gg, Gll^Fp, Gg, Ds, Ww, Ww, Ww, Ww, Ww, Ww, Ww, Ds, Gg, Ds, Ds, Ww, Ww, Wo, Wo, Wo, Wo, Wo, Wo, Wo, Wo, Wo, Wo
